// Jest Snapshot v1, https://goo.gl/fbAQLP

exports[`Test events calls Add wiretap to spy on all events 1`] = `
[
  [
    {
      "foo": "bar",
    },
    "myevent",
  ],
  [
    {
      "foo2": "bar2",
    },
    "myevent2",
  ],
]
`;
